[INFO] Scanning for projects...
[INFO] 
[INFO] --------------------< com.intelliexam:IntelliExam >---------------------
[INFO] Building IntelliExam 1.0.0
[INFO]   from pom.xml
[INFO] --------------------------------[ jar ]---------------------------------
[INFO] 
[INFO] >>> spring-boot:3.3.5:run (default-cli) > test-compile @ IntelliExam >>>
[INFO] 
[INFO] --- resources:3.3.1:resources (default-resources) @ IntelliExam ---
[INFO] Copying 1 resource from src\main\resources to target\classes
[INFO] Copying 16 resources from src\main\resources to target\classes
[INFO] 
[INFO] --- compiler:3.13.0:compile (default-compile) @ IntelliExam ---
[INFO] Nothing to compile - all classes are up to date.
[INFO] 
[INFO] --- resources:3.3.1:testResources (default-testResources) @ IntelliExam ---
[INFO] skip non existing resourceDirectory D:\IOT\peojects\IntelliExam\src\test\resources
[INFO] 
[INFO] --- compiler:3.13.0:testCompile (default-testCompile) @ IntelliExam ---
[INFO] No sources to compile
[INFO] 
[INFO] <<< spring-boot:3.3.5:run (default-cli) < test-compile @ IntelliExam <<<
[INFO] 
[INFO] 
[INFO] --- spring-boot:3.3.5:run (default-cli) @ IntelliExam ---
[INFO] Attaching agents: []

  .   ____          _            __ _ _
 /\\ / ___'_ __ _ _(_)_ __  __ _ \ \ \ \
( ( )\___ | '_ | '_| | '_ \/ _` | \ \ \ \
 \\/  ___)| |_)| | | | | || (_| |  ) ) ) )
  '  |____| .__|_| |_|_| |_\__, | / / / /
 =========|_|==============|___/=/_/_/_/

 :: Spring Boot ::                (v3.3.5)

2026-05-27T00:19:15.532+05:30  INFO 16280 --- [IntelliExam] [           main] com.intelliexam.IntelliExamApplication   : Starting IntelliExamApplication using Java 21.0.1 with PID 16280 (D:\IOT\peojects\IntelliExam\target\classes started by chidanand gowda in D:\IOT\peojects\IntelliExam)
2026-05-27T00:19:15.535+05:30  INFO 16280 --- [IntelliExam] [           main] com.intelliexam.IntelliExamApplication   : No active profile set, falling back to 1 default profile: "default"
2026-05-27T00:19:16.320+05:30  INFO 16280 --- [IntelliExam] [           main] .s.d.r.c.RepositoryConfigurationDelegate : Bootstrapping Spring Data JPA repositories in DEFAULT mode.
2026-05-27T00:19:16.387+05:30  INFO 16280 --- [IntelliExam] [           main] .s.d.r.c.RepositoryConfigurationDelegate : Finished Spring Data repository scanning in 61 ms. Found 4 JPA repository interfaces.
2026-05-27T00:19:16.948+05:30  INFO 16280 --- [IntelliExam] [           main] o.s.b.w.embedded.tomcat.TomcatWebServer  : Tomcat initialized with port 8085 (http)
2026-05-27T00:19:16.964+05:30  INFO 16280 --- [IntelliExam] [           main] o.apache.catalina.core.StandardService   : Starting service [Tomcat]
2026-05-27T00:19:16.965+05:30  INFO 16280 --- [IntelliExam] [           main] o.apache.catalina.core.StandardEngine    : Starting Servlet engine: [Apache Tomcat/10.1.31]
2026-05-27T00:19:17.022+05:30  INFO 16280 --- [IntelliExam] [           main] o.a.c.c.C.[Tomcat].[localhost].[/]       : Initializing Spring embedded WebApplicationContext
2026-05-27T00:19:17.023+05:30  INFO 16280 --- [IntelliExam] [           main] w.s.c.ServletWebServerApplicationContext : Root WebApplicationContext: initialization completed in 1444 ms
2026-05-27T00:19:17.143+05:30  INFO 16280 --- [IntelliExam] [           main] o.hibernate.jpa.internal.util.LogHelper  : HHH000204: Processing PersistenceUnitInfo [name: default]
2026-05-27T00:19:17.211+05:30  INFO 16280 --- [IntelliExam] [           main] org.hibernate.Version                    : HHH000412: Hibernate ORM core version 6.5.3.Final
2026-05-27T00:19:17.252+05:30  INFO 16280 --- [IntelliExam] [           main] o.h.c.internal.RegionFactoryInitiator    : HHH000026: Second-level cache disabled
2026-05-27T00:19:17.554+05:30  INFO 16280 --- [IntelliExam] [           main] o.s.o.j.p.SpringPersistenceUnitInfo      : No LoadTimeWeaver setup: ignoring JPA class transformer
2026-05-27T00:19:17.583+05:30  INFO 16280 --- [IntelliExam] [           main] com.zaxxer.hikari.HikariDataSource       : HikariPool-1 - Starting...
2026-05-27T00:19:17.915+05:30  INFO 16280 --- [IntelliExam] [           main] com.zaxxer.hikari.pool.HikariPool        : HikariPool-1 - Added connection com.mysql.cj.jdbc.ConnectionImpl@e3ed455
2026-05-27T00:19:17.918+05:30  INFO 16280 --- [IntelliExam] [           main] com.zaxxer.hikari.HikariDataSource       : HikariPool-1 - Start completed.
2026-05-27T00:19:18.957+05:30  INFO 16280 --- [IntelliExam] [           main] o.h.e.t.j.p.i.JtaPlatformInitiator       : HHH000489: No JTA platform available (set 'hibernate.transaction.jta.platform' to enable JTA platform integration)
2026-05-27T00:19:19.100+05:30  INFO 16280 --- [IntelliExam] [           main] j.LocalContainerEntityManagerFactoryBean : Initialized JPA EntityManagerFactory for persistence unit 'default'
2026-05-27T00:19:19.460+05:30  WARN 16280 --- [IntelliExam] [           main] JpaBaseConfiguration$JpaWebConfiguration : spring.jpa.open-in-view is enabled by default. Therefore, database queries may be performed during view rendering. Explicitly configure spring.jpa.open-in-view to disable this warning
2026-05-27T00:19:19.759+05:30  WARN 16280 --- [IntelliExam] [           main] ConfigServletWebServerApplicationContext : Exception encountered during context initialization - cancelling refresh attempt: org.springframework.context.ApplicationContextException: Failed to start bean 'webServerStartStop'
2026-05-27T00:19:19.761+05:30  INFO 16280 --- [IntelliExam] [           main] j.LocalContainerEntityManagerFactoryBean : Closing JPA EntityManagerFactory for persistence unit 'default'
2026-05-27T00:19:19.763+05:30  INFO 16280 --- [IntelliExam] [           main] com.zaxxer.hikari.HikariDataSource       : HikariPool-1 - Shutdown initiated...
2026-05-27T00:19:19.770+05:30  INFO 16280 --- [IntelliExam] [           main] com.zaxxer.hikari.HikariDataSource       : HikariPool-1 - Shutdown completed.
2026-05-27T00:19:19.780+05:30  INFO 16280 --- [IntelliExam] [           main] .s.b.a.l.ConditionEvaluationReportLogger : 

Error starting ApplicationContext. To display the condition evaluation report re-run your application with 'debug' enabled.
2026-05-27T00:19:19.794+05:30 ERROR 16280 --- [IntelliExam] [           main] o.s.b.d.LoggingFailureAnalysisReporter   : 

***************************
APPLICATION FAILED TO START
***************************

Description:

Web server failed to start. Port 8085 was already in use.

Action:

Identify and stop the process that's listening on port 8085 or configure this application to listen on another port.

[INFO] ------------------------------------------------------------------------
[INFO] BUILD FAILURE
[INFO] ------------------------------------------------------------------------
[INFO] Total time:  7.595 s
[INFO] Finished at: 2026-05-27T00:19:19+05:30
[INFO] ------------------------------------------------------------------------
[ERROR] Failed to execute goal org.springframework.boot:spring-boot-maven-plugin:3.3.5:run (default-cli) on project IntelliExam: Process terminated with exit code: 1 -> [Help 1]
[ERROR] 
[ERROR] To see the full stack trace of the errors, re-run Maven with the -e switch.
[ERROR] Re-run Maven using the -X switch to enable full debug logging.
[ERROR] 
[ERROR] For more information about the errors and possible solutions, please read the following articles:
[ERROR] [Help 1] http://cwiki.apache.org/confluence/display/MAVEN/MojoExecutionException
