[INFO] Scanning for projects...
[INFO] 
[INFO] --------------------< com.intelliexam:IntelliExam >---------------------
[INFO] Building IntelliExam 1.0.0
[INFO]   from pom.xml
[INFO] --------------------------------[ jar ]---------------------------------
[INFO] 
[INFO] >>> spring-boot:3.3.5:run (default-cli) > test-compile @ IntelliExam >>>
[INFO] 
[INFO] --- resources:3.3.1:resources (default-resources) @ IntelliExam ---
[INFO] Copying 1 resource from src\main\resources to target\classes
[INFO] Copying 16 resources from src\main\resources to target\classes
[INFO] 
[INFO] --- compiler:3.13.0:compile (default-compile) @ IntelliExam ---
[INFO] Nothing to compile - all classes are up to date.
[INFO] 
[INFO] --- resources:3.3.1:testResources (default-testResources) @ IntelliExam ---
[INFO] skip non existing resourceDirectory D:\IOT\peojects\IntelliExam\src\test\resources
[INFO] 
[INFO] --- compiler:3.13.0:testCompile (default-testCompile) @ IntelliExam ---
[INFO] No sources to compile
[INFO] 
[INFO] <<< spring-boot:3.3.5:run (default-cli) < test-compile @ IntelliExam <<<
[INFO] 
[INFO] 
[INFO] --- spring-boot:3.3.5:run (default-cli) @ IntelliExam ---
[INFO] Attaching agents: []

  .   ____          _            __ _ _
 /\\ / ___'_ __ _ _(_)_ __  __ _ \ \ \ \
( ( )\___ | '_ | '_| | '_ \/ _` | \ \ \ \
 \\/  ___)| |_)| | | | | || (_| |  ) ) ) )
  '  |____| .__|_| |_|_| |_\__, | / / / /
 =========|_|==============|___/=/_/_/_/

 :: Spring Boot ::                (v3.3.5)

2026-05-27T00:19:32.435+05:30  INFO 23488 --- [IntelliExam] [           main] com.intelliexam.IntelliExamApplication   : Starting IntelliExamApplication using Java 21.0.1 with PID 23488 (D:\IOT\peojects\IntelliExam\target\classes started by chidanand gowda in D:\IOT\peojects\IntelliExam)
2026-05-27T00:19:32.438+05:30  INFO 23488 --- [IntelliExam] [           main] com.intelliexam.IntelliExamApplication   : No active profile set, falling back to 1 default profile: "default"
2026-05-27T00:19:32.977+05:30  INFO 23488 --- [IntelliExam] [           main] .s.d.r.c.RepositoryConfigurationDelegate : Bootstrapping Spring Data JPA repositories in DEFAULT mode.
2026-05-27T00:19:33.032+05:30  INFO 23488 --- [IntelliExam] [           main] .s.d.r.c.RepositoryConfigurationDelegate : Finished Spring Data repository scanning in 43 ms. Found 4 JPA repository interfaces.
2026-05-27T00:19:33.401+05:30  INFO 23488 --- [IntelliExam] [           main] o.s.b.w.embedded.tomcat.TomcatWebServer  : Tomcat initialized with port 8086 (http)
2026-05-27T00:19:33.410+05:30  INFO 23488 --- [IntelliExam] [           main] o.apache.catalina.core.StandardService   : Starting service [Tomcat]
2026-05-27T00:19:33.410+05:30  INFO 23488 --- [IntelliExam] [           main] o.apache.catalina.core.StandardEngine    : Starting Servlet engine: [Apache Tomcat/10.1.31]
2026-05-27T00:19:33.457+05:30  INFO 23488 --- [IntelliExam] [           main] o.a.c.c.C.[Tomcat].[localhost].[/]       : Initializing Spring embedded WebApplicationContext
2026-05-27T00:19:33.458+05:30  INFO 23488 --- [IntelliExam] [           main] w.s.c.ServletWebServerApplicationContext : Root WebApplicationContext: initialization completed in 986 ms
2026-05-27T00:19:33.564+05:30  INFO 23488 --- [IntelliExam] [           main] o.hibernate.jpa.internal.util.LogHelper  : HHH000204: Processing PersistenceUnitInfo [name: default]
2026-05-27T00:19:33.600+05:30  INFO 23488 --- [IntelliExam] [           main] org.hibernate.Version                    : HHH000412: Hibernate ORM core version 6.5.3.Final
2026-05-27T00:19:33.621+05:30  INFO 23488 --- [IntelliExam] [           main] o.h.c.internal.RegionFactoryInitiator    : HHH000026: Second-level cache disabled
2026-05-27T00:19:33.849+05:30  INFO 23488 --- [IntelliExam] [           main] o.s.o.j.p.SpringPersistenceUnitInfo      : No LoadTimeWeaver setup: ignoring JPA class transformer
2026-05-27T00:19:33.869+05:30  INFO 23488 --- [IntelliExam] [           main] com.zaxxer.hikari.HikariDataSource       : HikariPool-1 - Starting...
2026-05-27T00:19:34.112+05:30  INFO 23488 --- [IntelliExam] [           main] com.zaxxer.hikari.pool.HikariPool        : HikariPool-1 - Added connection com.mysql.cj.jdbc.ConnectionImpl@74b97416
2026-05-27T00:19:34.115+05:30  INFO 23488 --- [IntelliExam] [           main] com.zaxxer.hikari.HikariDataSource       : HikariPool-1 - Start completed.
2026-05-27T00:19:34.955+05:30  INFO 23488 --- [IntelliExam] [           main] o.h.e.t.j.p.i.JtaPlatformInitiator       : HHH000489: No JTA platform available (set 'hibernate.transaction.jta.platform' to enable JTA platform integration)
2026-05-27T00:19:35.034+05:30  INFO 23488 --- [IntelliExam] [           main] j.LocalContainerEntityManagerFactoryBean : Initialized JPA EntityManagerFactory for persistence unit 'default'
2026-05-27T00:19:35.303+05:30  WARN 23488 --- [IntelliExam] [           main] JpaBaseConfiguration$JpaWebConfiguration : spring.jpa.open-in-view is enabled by default. Therefore, database queries may be performed during view rendering. Explicitly configure spring.jpa.open-in-view to disable this warning
2026-05-27T00:19:35.590+05:30  INFO 23488 --- [IntelliExam] [           main] o.s.b.w.embedded.tomcat.TomcatWebServer  : Tomcat started on port 8086 (http) with context path '/'
2026-05-27T00:19:35.596+05:30  INFO 23488 --- [IntelliExam] [           main] com.intelliexam.IntelliExamApplication   : Started IntelliExamApplication in 3.439 seconds (process running for 3.732)
2026-05-27T00:19:53.721+05:30  INFO 23488 --- [IntelliExam] [nio-8086-exec-1] o.a.c.c.C.[Tomcat].[localhost].[/]       : Initializing Spring DispatcherServlet 'dispatcherServlet'
2026-05-27T00:19:53.722+05:30  INFO 23488 --- [IntelliExam] [nio-8086-exec-1] o.s.web.servlet.DispatcherServlet        : Initializing Servlet 'dispatcherServlet'
2026-05-27T00:19:53.725+05:30  INFO 23488 --- [IntelliExam] [nio-8086-exec-1] o.s.web.servlet.DispatcherServlet        : Completed initialization in 2 ms
Hibernate: 
    select
        u1_0.id,
        u1_0.college,
        u1_0.email,
        u1_0.full_name,
        u1_0.password,
        u1_0.phone,
        u1_0.role 
    from
        users u1_0 
    where
        u1_0.email=?
Hibernate: 
    insert 
    into
        users
        (college, email, full_name, password, phone, role) 
    values
        (?, ?, ?, ?, ?, ?)
Hibernate: 
    select
        u1_0.id,
        u1_0.college,
        u1_0.email,
        u1_0.full_name,
        u1_0.password,
        u1_0.phone,
        u1_0.role 
    from
        users u1_0 
    where
        u1_0.email=?
Hibernate: 
    select
        e1_0.id,
        e1_0.description,
        e1_0.duration_minutes,
        e1_0.exam_date,
        e1_0.exam_password,
        e1_0.exam_time,
        e1_0.examiner_id,
        e1_0.published,
        e1_0.title 
    from
        exam e1_0 
    where
        e1_0.published
Hibernate: 
    select
        u1_0.id,
        u1_0.college,
        u1_0.email,
        u1_0.full_name,
        u1_0.password,
        u1_0.phone,
        u1_0.role 
    from
        users u1_0 
    where
        u1_0.id=?
Hibernate: 
    select
        a1_0.id,
        a1_0.exam_id,
        a1_0.score,
        a1_0.started_at,
        a1_0.student_id,
        a1_0.submitted,
        a1_0.submitted_at,
        a1_0.total_questions 
    from
        attempt a1_0 
    where
        a1_0.student_id=?
Hibernate: 
    select
        u1_0.id,
        u1_0.college,
        u1_0.email,
        u1_0.full_name,
        u1_0.password,
        u1_0.phone,
        u1_0.role 
    from
        users u1_0 
    where
        u1_0.email=?
Hibernate: 
    insert 
    into
        users
        (college, email, full_name, password, phone, role) 
    values
        (?, ?, ?, ?, ?, ?)
Hibernate: 
    select
        u1_0.id,
        u1_0.college,
        u1_0.email,
        u1_0.full_name,
        u1_0.password,
        u1_0.phone,
        u1_0.role 
    from
        users u1_0 
    where
        u1_0.email=?
Hibernate: 
    select
        e1_0.id,
        e1_0.description,
        e1_0.duration_minutes,
        e1_0.exam_date,
        e1_0.exam_password,
        e1_0.exam_time,
        e1_0.examiner_id,
        e1_0.published,
        e1_0.title 
    from
        exam e1_0 
    where
        e1_0.examiner_id=?
Hibernate: 
    select
        u1_0.id,
        u1_0.college,
        u1_0.email,
        u1_0.full_name,
        u1_0.password,
        u1_0.phone,
        u1_0.role 
    from
        users u1_0 
    where
        u1_0.email=?
Hibernate: 
    insert 
    into
        users
        (college, email, full_name, password, phone, role) 
    values
        (?, ?, ?, ?, ?, ?)
Hibernate: 
    select
        u1_0.id,
        u1_0.college,
        u1_0.email,
        u1_0.full_name,
        u1_0.password,
        u1_0.phone,
        u1_0.role 
    from
        users u1_0 
    where
        u1_0.email=?
2026-05-27T00:54:05.405+05:30  WARN 23488 --- [IntelliExam] [l-1 housekeeper] com.zaxxer.hikari.pool.HikariPool        : HikariPool-1 - Thread starvation or clock leap detected (housekeeper delta=2m548ms736µs400ns).
2026-05-27T09:13:03.403+05:30  WARN 23488 --- [IntelliExam] [l-1 housekeeper] com.zaxxer.hikari.pool.HikariPool        : HikariPool-1 - Thread starvation or clock leap detected (housekeeper delta=7h53m29s373ms519µs500ns).
2026-05-27T09:22:56.293+05:30  WARN 23488 --- [IntelliExam] [l-1 housekeeper] com.zaxxer.hikari.pool.HikariPool        : HikariPool-1 - Thread starvation or clock leap detected (housekeeper delta=7m22s850ms641µs200ns).
2026-05-27T09:29:48.721+05:30  WARN 23488 --- [IntelliExam] [l-1 housekeeper] com.zaxxer.hikari.pool.HikariPool        : HikariPool-1 - Thread starvation or clock leap detected (housekeeper delta=6m52s428ms326µs100ns).
2026-05-27T11:10:25.781+05:30  WARN 23488 --- [IntelliExam] [l-1 housekeeper] com.zaxxer.hikari.pool.HikariPool        : HikariPool-1 - Thread starvation or clock leap detected (housekeeper delta=6m5s478ms894µs300ns).
2026-05-27T11:37:16.244+05:30  WARN 23488 --- [IntelliExam] [l-1 housekeeper] com.zaxxer.hikari.pool.HikariPool        : HikariPool-1 - Thread starvation or clock leap detected (housekeeper delta=19m20s303ms513µs300ns).
2026-05-27T12:07:02.761+05:30  WARN 23488 --- [IntelliExam] [l-1 housekeeper] com.zaxxer.hikari.pool.HikariPool        : HikariPool-1 - Thread starvation or clock leap detected (housekeeper delta=3m37s346ms528µs900ns).
2026-05-27T13:01:18.762+05:30  WARN 23488 --- [IntelliExam] [l-1 housekeeper] com.zaxxer.hikari.pool.HikariPool        : HikariPool-1 - Thread starvation or clock leap detected (housekeeper delta=45s55ms789µs500ns).
2026-05-27T14:37:50.351+05:30  WARN 23488 --- [IntelliExam] [l-1 housekeeper] com.zaxxer.hikari.pool.HikariPool        : HikariPool-1 - Thread starvation or clock leap detected (housekeeper delta=1h6m49s217ms572µs500ns).
2026-05-27T15:02:12.623+05:30  WARN 23488 --- [IntelliExam] [l-1 housekeeper] com.zaxxer.hikari.pool.HikariPool        : HikariPool-1 - Thread starvation or clock leap detected (housekeeper delta=6m51s759ms96µs).
2026-05-27T15:42:59.782+05:30  WARN 23488 --- [IntelliExam] [l-1 housekeeper] com.zaxxer.hikari.pool.HikariPool        : HikariPool-1 - Thread starvation or clock leap detected (housekeeper delta=12m17s932ms911µs300ns).
2026-05-27T16:25:20.648+05:30  WARN 23488 --- [IntelliExam] [l-1 housekeeper] com.zaxxer.hikari.pool.HikariPool        : HikariPool-1 - Thread starvation or clock leap detected (housekeeper delta=4m20s21ms677µs800ns).
2026-05-27T19:26:23.348+05:30  WARN 23488 --- [IntelliExam] [l-1 housekeeper] com.zaxxer.hikari.pool.HikariPool        : HikariPool-1 - Thread starvation or clock leap detected (housekeeper delta=2h36m2s262ms691µs300ns).
2026-05-27T20:30:19.450+05:30  WARN 23488 --- [IntelliExam] [l-1 housekeeper] com.zaxxer.hikari.pool.HikariPool        : HikariPool-1 - Thread starvation or clock leap detected (housekeeper delta=43m25s514ms301µs300ns).
2026-05-27T20:44:16.339+05:30  WARN 23488 --- [IntelliExam] [l-1 housekeeper] com.zaxxer.hikari.pool.HikariPool        : HikariPool-1 - Thread starvation or clock leap detected (housekeeper delta=1m56s537ms73µs100ns).
2026-05-27T22:33:26.371+05:30  WARN 23488 --- [IntelliExam] [l-1 housekeeper] com.zaxxer.hikari.pool.HikariPool        : HikariPool-1 - Thread starvation or clock leap detected (housekeeper delta=1h38m39s751ms328µs900ns).
2026-05-27T22:44:36.412+05:30  WARN 23488 --- [IntelliExam] [l-1 housekeeper] com.zaxxer.hikari.pool.HikariPool        : HikariPool-1 - Thread starvation or clock leap detected (housekeeper delta=1m9s809ms646µs800ns).
2026-05-27T23:35:15.657+05:30  WARN 23488 --- [IntelliExam] [l-1 housekeeper] com.zaxxer.hikari.pool.HikariPool        : HikariPool-1 - Thread starvation or clock leap detected (housekeeper delta=6m8s210ms705µs900ns).
2026-05-27T23:47:32.966+05:30  WARN 23488 --- [IntelliExam] [l-1 housekeeper] com.zaxxer.hikari.pool.HikariPool        : HikariPool-1 - Thread starvation or clock leap detected (housekeeper delta=2m16s991ms491µs900ns).
2026-05-28T15:50:54.503+05:30  WARN 23488 --- [IntelliExam] [l-1 housekeeper] com.zaxxer.hikari.pool.HikariPool        : HikariPool-1 - Thread starvation or clock leap detected (housekeeper delta=16h21s391ms78µs800ns).
2026-05-28T16:35:27.915+05:30  WARN 23488 --- [IntelliExam] [l-1 housekeeper] com.zaxxer.hikari.pool.HikariPool        : HikariPool-1 - Thread starvation or clock leap detected (housekeeper delta=44m35s135ms71µs300ns).
2026-05-28T23:13:22.539+05:30  WARN 23488 --- [IntelliExam] [l-1 housekeeper] com.zaxxer.hikari.pool.HikariPool        : HikariPool-1 - Thread starvation or clock leap detected (housekeeper delta=5h45m20s912ms589µs900ns).
2026-05-29T00:22:59.655+05:30  WARN 23488 --- [IntelliExam] [l-1 housekeeper] com.zaxxer.hikari.pool.HikariPool        : HikariPool-1 - Thread starvation or clock leap detected (housekeeper delta=12m36s56ms631µs).
2026-05-29T09:15:08.473+05:30  WARN 23488 --- [IntelliExam] [l-1 housekeeper] com.zaxxer.hikari.pool.HikariPool        : HikariPool-1 - Thread starvation or clock leap detected (housekeeper delta=8h49m8s691ms303µs600ns).
2026-05-29T09:46:32.678+05:30  WARN 23488 --- [IntelliExam] [l-1 housekeeper] com.zaxxer.hikari.pool.HikariPool        : HikariPool-1 - Thread starvation or clock leap detected (housekeeper delta=3m53s384ms700µs400ns).
2026-05-29T10:29:52.531+05:30  WARN 23488 --- [IntelliExam] [l-1 housekeeper] com.zaxxer.hikari.pool.HikariPool        : HikariPool-1 - Thread starvation or clock leap detected (housekeeper delta=49s917ms364µs800ns).
2026-05-29T11:36:41.094+05:30  WARN 23488 --- [IntelliExam] [l-1 housekeeper] com.zaxxer.hikari.pool.HikariPool        : HikariPool-1 - Thread starvation or clock leap detected (housekeeper delta=29m45s340ms780µs700ns).
2026-05-29T12:00:46.607+05:30  WARN 23488 --- [IntelliExam] [l-1 housekeeper] com.zaxxer.hikari.pool.HikariPool        : HikariPool-1 - Thread starvation or clock leap detected (housekeeper delta=4m34s888ms490µs600ns).
2026-05-29T12:30:31.404+05:30  WARN 23488 --- [IntelliExam] [l-1 housekeeper] com.zaxxer.hikari.pool.HikariPool        : HikariPool-1 - Thread starvation or clock leap detected (housekeeper delta=4m44s68ms272µs100ns).
2026-05-29T12:43:56.599+05:30  WARN 23488 --- [IntelliExam] [l-1 housekeeper] com.zaxxer.hikari.pool.HikariPool        : HikariPool-1 - Thread starvation or clock leap detected (housekeeper delta=1m24s699ms264µs800ns).
2026-05-29T12:55:55.737+05:30  WARN 23488 --- [IntelliExam] [l-1 housekeeper] com.zaxxer.hikari.pool.HikariPool        : HikariPool-1 - Thread starvation or clock leap detected (housekeeper delta=7m28s916ms720µs100ns).
2026-05-29T13:53:02.709+05:30  WARN 23488 --- [IntelliExam] [l-1 housekeeper] com.zaxxer.hikari.pool.HikariPool        : HikariPool-1 - Thread starvation or clock leap detected (housekeeper delta=27m6s306ms528µs800ns).
2026-05-29T14:43:15.730+05:30  WARN 23488 --- [IntelliExam] [l-1 housekeeper] com.zaxxer.hikari.pool.HikariPool        : HikariPool-1 - Thread starvation or clock leap detected (housekeeper delta=50m13s37ms621µs600ns).
2026-05-29T14:48:35.754+05:30  WARN 23488 --- [IntelliExam] [l-1 housekeeper] com.zaxxer.hikari.pool.HikariPool        : HikariPool-1 - Thread starvation or clock leap detected (housekeeper delta=2m19s952ms238µs699ns).
2026-05-29T15:27:39.368+05:30  WARN 23488 --- [IntelliExam] [l-1 housekeeper] com.zaxxer.hikari.pool.HikariPool        : HikariPool-1 - Thread starvation or clock leap detected (housekeeper delta=2m2s984ms566µs600ns).
2026-05-29T17:12:26.424+05:30  WARN 23488 --- [IntelliExam] [l-1 housekeeper] com.zaxxer.hikari.pool.HikariPool        : HikariPool-1 - Thread starvation or clock leap detected (housekeeper delta=52m45s760ms374µs200ns).
2026-05-29T17:39:57.021+05:30  WARN 23488 --- [IntelliExam] [l-1 housekeeper] com.zaxxer.hikari.pool.HikariPool        : HikariPool-1 - Thread starvation or clock leap detected (housekeeper delta=27m30s637ms527µs700ns).
2026-05-29T19:53:24.502+05:30  WARN 23488 --- [IntelliExam] [l-1 housekeeper] com.zaxxer.hikari.pool.HikariPool        : HikariPool-1 - Thread starvation or clock leap detected (housekeeper delta=2h13m27s482ms672µs300ns).
2026-05-29T22:38:18.336+05:30  WARN 23488 --- [IntelliExam] [l-1 housekeeper] com.zaxxer.hikari.pool.HikariPool        : HikariPool-1 - Thread starvation or clock leap detected (housekeeper delta=2h26m53s558ms375µs800ns).
